// Jest Snapshot v1, https://goo.gl/fbAQLP

exports[`Highlight Text should render the highlight text 1`] = `null`;
