// Jest Snapshot v1, https://goo.gl/fbAQLP

exports[`Page Header should render the header 1`] = `
<div
  class="sc-bdVaJa jUbhmH"
>
  Test Header
</div>
`;
