// Jest Snapshot v1, https://goo.gl/fbAQLP

exports[`Page Footer should render the footer 1`] = `
<PageFooter
  className="pageFooter"
/>
`;
