// Jest Snapshot v1, https://goo.gl/fbAQLP

exports[`ScrambleText component should render the scrambled text 1`] = `
.c0 {
  -webkit-animation: none;
  animation: none;
  display: inline-block;
}

<ScrambleText
  options={
    Object {
      "duration": 100,
      "speed": 25,
    }
  }
  scramble="!<>-_\\\\\\\\/[]{}â€”=+*^?#_abiwxevpi"
  text="This is a test"
>
  <styled.span
    done={false}
  >
    <span
      className="c0"
    >
       
    </span>
  </styled.span>
</ScrambleText>
`;
